[16:55:15] [
    {
        "importe_bruto": "46794649.4551",
        "valor_agregado": "13878333.8147"
    }
]
[17:07:55] [
    {
        "importe_bruto": "46794649.4551",
        "valor_agregado": "13878333.8147"
    }
]
[17:17:47] [
    {
        "importe_bruto": "46794649.4551",
        "valor_agregado": "13878333.8147"
    }
]
[17:19:19] [
    {
        "importe_bruto": null,
        "valor_agregado": null
    }
]
[17:25:38] [
    {
        "importe_bruto": "46794649.4551",
        "valor_agregado": "13878333.8147"
    }
]
